{"type":"server-started","port":53762,"host":"127.0.0.1","url_host":"localhost","url":"http://localhost:53762/?key=68350cb759c5798d8da952e48b38031751f841f70065be04472b9cc467296afc","screen_dir":"D:\\Github\\personal\\tambike\\.superpowers\\brainstorm\\3312-1785289754\\content","state_dir":"D:\\Github\\personal\\tambike\\.superpowers\\brainstorm\\3312-1785289754\\state","idle_timeout_ms":14400000}
{"source":"user-event","type":"click","text":"Recommended\n      \n        \n          Tambike · Every Saturday\n          Tambike at Cafe Classico\n          Classic bikes, coffee, stories, and a relaxed rider hangout.\n          \n            WhenSat · 6–8 PM\n            WhereCasa Classico\n            Turnout16 going\n          \n          \n            Are you joining?\n            \n              I’m going\n              Interested\n              Share\n            \n          \n        \n        \n        \n          \n          See the bikes joining\n          16 riders · View all\n        \n      \n    \n    \n      A\n      Decision card\n      One compact hero combines essentials, turnout, and RSVP. The poster becomes supporting proof instead of a competing centerpiece.","choice":"a","id":null,"timestamp":1785292825815}
{"type":"screen-added","file":"D:\\Github\\personal\\tambike\\.superpowers\\brainstorm\\3312-1785289754\\content\\rsvp-layout-a-refined.html"}
{"type":"screen-added","file":"D:\\Github\\personal\\tambike\\.superpowers\\brainstorm\\3312-1785289754\\content\\waiting-visual-treatment.html"}
{"type":"screen-updated","file":"D:\\Github\\personal\\tambike\\.superpowers\\brainstorm\\3312-1785289754\\content\\rsvp-layout-options.html"}
{"type":"screen-updated","file":"D:\\Github\\personal\\tambike\\.superpowers\\brainstorm\\3312-1785289754\\content\\waiting-visual-treatment.html"}
{"type":"screen-updated","file":"D:\\Github\\personal\\tambike\\.superpowers\\brainstorm\\3312-1785289754\\content\\rsvp-layout-a-refined.html"}
{"type":"screen-updated","file":"D:\\Github\\personal\\tambike\\.superpowers\\brainstorm\\3312-1785289754\\content\\rsvp-layout-options.html"}
{"type":"screen-updated","file":"D:\\Github\\personal\\tambike\\.superpowers\\brainstorm\\3312-1785289754\\content\\waiting-visual-treatment.html"}
{"type":"screen-updated","file":"D:\\Github\\personal\\tambike\\.superpowers\\brainstorm\\3312-1785289754\\content\\rsvp-layout-a-refined.html"}
{"type":"screen-updated","file":"D:\\Github\\personal\\tambike\\.superpowers\\brainstorm\\3312-1785289754\\content\\rsvp-layout-options.html"}
{"type":"screen-updated","file":"D:\\Github\\personal\\tambike\\.superpowers\\brainstorm\\3312-1785289754\\content\\waiting-visual-treatment.html"}
{"type":"screen-updated","file":"D:\\Github\\personal\\tambike\\.superpowers\\brainstorm\\3312-1785289754\\content\\rsvp-layout-a-refined.html"}
{"type":"screen-updated","file":"D:\\Github\\personal\\tambike\\.superpowers\\brainstorm\\3312-1785289754\\content\\rsvp-layout-options.html"}
{"type":"screen-updated","file":"D:\\Github\\personal\\tambike\\.superpowers\\brainstorm\\3312-1785289754\\content\\rsvp-layout-a-refined.html"}
{"type":"screen-updated","file":"D:\\Github\\personal\\tambike\\.superpowers\\brainstorm\\3312-1785289754\\content\\rsvp-layout-options.html"}
{"type":"screen-updated","file":"D:\\Github\\personal\\tambike\\.superpowers\\brainstorm\\3312-1785289754\\content\\waiting-visual-treatment.html"}
{"type":"screen-updated","file":"D:\\Github\\personal\\tambike\\.superpowers\\brainstorm\\3312-1785289754\\content\\rsvp-layout-a-refined.html"}
{"type":"screen-updated","file":"D:\\Github\\personal\\tambike\\.superpowers\\brainstorm\\3312-1785289754\\content\\rsvp-layout-options.html"}
{"type":"screen-updated","file":"D:\\Github\\personal\\tambike\\.superpowers\\brainstorm\\3312-1785289754\\content\\waiting-visual-treatment.html"}
{"type":"screen-updated","file":"D:\\Github\\personal\\tambike\\.superpowers\\brainstorm\\3312-1785289754\\content\\rsvp-layout-a-refined.html"}
{"type":"screen-updated","file":"D:\\Github\\personal\\tambike\\.superpowers\\brainstorm\\3312-1785289754\\content\\rsvp-layout-options.html"}
{"type":"screen-updated","file":"D:\\Github\\personal\\tambike\\.superpowers\\brainstorm\\3312-1785289754\\content\\waiting-visual-treatment.html"}
{"type":"screen-updated","file":"D:\\Github\\personal\\tambike\\.superpowers\\brainstorm\\3312-1785289754\\content\\rsvp-layout-a-refined.html"}
{"type":"screen-updated","file":"D:\\Github\\personal\\tambike\\.superpowers\\brainstorm\\3312-1785289754\\content\\rsvp-layout-options.html"}
{"type":"screen-updated","file":"D:\\Github\\personal\\tambike\\.superpowers\\brainstorm\\3312-1785289754\\content\\waiting-visual-treatment.html"}
{"type":"screen-updated","file":"D:\\Github\\personal\\tambike\\.superpowers\\brainstorm\\3312-1785289754\\content\\rsvp-layout-a-refined.html"}
{"type":"screen-updated","file":"D:\\Github\\personal\\tambike\\.superpowers\\brainstorm\\3312-1785289754\\content\\rsvp-layout-options.html"}
{"type":"screen-updated","file":"D:\\Github\\personal\\tambike\\.superpowers\\brainstorm\\3312-1785289754\\content\\waiting-visual-treatment.html"}
{"type":"screen-updated","file":"D:\\Github\\personal\\tambike\\.superpowers\\brainstorm\\3312-1785289754\\content\\rsvp-layout-a-refined.html"}
{"type":"screen-updated","file":"D:\\Github\\personal\\tambike\\.superpowers\\brainstorm\\3312-1785289754\\content\\rsvp-layout-options.html"}
{"type":"screen-updated","file":"D:\\Github\\personal\\tambike\\.superpowers\\brainstorm\\3312-1785289754\\content\\waiting-visual-treatment.html"}
{"type":"screen-updated","file":"D:\\Github\\personal\\tambike\\.superpowers\\brainstorm\\3312-1785289754\\content\\rsvp-layout-a-refined.html"}
{"type":"screen-updated","file":"D:\\Github\\personal\\tambike\\.superpowers\\brainstorm\\3312-1785289754\\content\\rsvp-layout-options.html"}
{"type":"screen-updated","file":"D:\\Github\\personal\\tambike\\.superpowers\\brainstorm\\3312-1785289754\\content\\waiting-visual-treatment.html"}
{"type":"screen-updated","file":"D:\\Github\\personal\\tambike\\.superpowers\\brainstorm\\3312-1785289754\\content\\rsvp-layout-a-refined.html"}
{"type":"screen-updated","file":"D:\\Github\\personal\\tambike\\.superpowers\\brainstorm\\3312-1785289754\\content\\rsvp-layout-options.html"}
{"type":"screen-updated","file":"D:\\Github\\personal\\tambike\\.superpowers\\brainstorm\\3312-1785289754\\content\\waiting-visual-treatment.html"}
{"type":"screen-updated","file":"D:\\Github\\personal\\tambike\\.superpowers\\brainstorm\\3312-1785289754\\content\\rsvp-layout-a-refined.html"}
{"type":"screen-updated","file":"D:\\Github\\personal\\tambike\\.superpowers\\brainstorm\\3312-1785289754\\content\\rsvp-layout-options.html"}
{"type":"screen-updated","file":"D:\\Github\\personal\\tambike\\.superpowers\\brainstorm\\3312-1785289754\\content\\waiting-visual-treatment.html"}
{"type":"screen-updated","file":"D:\\Github\\personal\\tambike\\.superpowers\\brainstorm\\3312-1785289754\\content\\rsvp-layout-a-refined.html"}
{"type":"screen-updated","file":"D:\\Github\\personal\\tambike\\.superpowers\\brainstorm\\3312-1785289754\\content\\rsvp-layout-options.html"}
{"type":"screen-updated","file":"D:\\Github\\personal\\tambike\\.superpowers\\brainstorm\\3312-1785289754\\content\\waiting-visual-treatment.html"}
{"type":"server-stopped","reason":"idle timeout"}
